// Jest Snapshot v1, https://goo.gl/fbAQLP

exports[`Geolocation screen should render correctly 1`] = `
<View
  style={
    Object {
      "flex": 1,
    }
  }
>
  <View
    style={
      Object {
        "marginTop": 20,
      }
    }
  >
    <Text
      style={
        Object {
          "textAlign": "center",
        }
      }
    >
      Please turn on location permission
    </Text>
    <Text
      style={
        Object {
          "textAlign": "center",
        }
      }
    >
      (App info -&gt; Permission -&gt; Location)
    </Text>
  </View>
</View>
`;
