// Jest Snapshot v1, https://goo.gl/fbAQLP

exports[`MidataSettings Renders correctly 1`] = `
<View
  accessibilityIgnoresInvertColors={true}
  style={
    Object {
      "height": "100%",
      "width": "100%",
    }
  }
>
  <Image
    source={1}
    style={
      Array [
        Object {
          "bottom": 0,
          "left": 0,
          "position": "absolute",
          "right": 0,
          "top": 0,
        },
        Object {
          "height": "100%",
          "width": "100%",
        },
        undefined,
      ]
    }
  />
  <View
    style={
      Object {
        "flex": 1,
        "padding": 20,
      }
    }
  >
    <Image
      source={1}
      style={
        Object {
          "alignSelf": "center",
          "resizeMode": "contain",
          "width": "100%",
        }
      }
    />
    <Text
      style={
        Object {
          "backgroundColor": "rgba(255,255,255, 0.7)",
          "borderRadius": 5,
          "padding": 5,
        }
      }
    >
      Midata is a citizen owned, non-profit and secure platform to share medical data for medical research. You decide the data you want to share, researchers will use them to create new treatments for everyone.
    </Text>
    <Text
      style={
        Object {
          "alignSelf": "center",
          "backgroundColor": "rgba(255,255,255, 0.5)",
          "fontSize": 15,
          "fontWeight": "bold",
          "marginTop": 3,
          "padding": 5,
        }
      }
    >
      Please sign in to use Midata
    </Text>
    <View
      style={
        Object {
          "flex": 1,
        }
      }
    >
      <RCTScrollView
        contentContainerStyle={
          Object {
            "alignItems": "center",
            "flexGrow": 1,
            "justifyContent": "flex-start",
          }
        }
      >
        <View>
          <View
            accessible={true}
            focusable={true}
            isTVSelectable={true}
            onClick={[Function]}
            onResponderGrant={[Function]}
            onResponderMove={[Function]}
            onResponderRelease={[Function]}
            onResponderTerminate={[Function]}
            onResponderTerminationRequest={[Function]}
            onStartShouldSetResponder={[Function]}
            style={
              Object {
                "alignItems": "center",
                "backgroundColor": "darkblue",
                "borderRadius": 10,
                "height": 40,
                "justifyContent": "center",
                "marginTop": 10,
                "opacity": 1,
                "padding": 10,
                "width": "80%",
              }
            }
            testID="button-view-Sign in to Midata"
          >
            <Text
              style={
                Object {
                  "color": "#ffffff",
                  "fontFamily": "EuphemiaUCAS-Bold",
                  "textAlign": "center",
                  "textAlignVertical": "center",
                }
              }
            >
              Sign in to Midata
            </Text>
          </View>
          <View
            accessible={true}
            focusable={true}
            isTVSelectable={true}
            onClick={[Function]}
            onResponderGrant={[Function]}
            onResponderMove={[Function]}
            onResponderRelease={[Function]}
            onResponderTerminate={[Function]}
            onResponderTerminationRequest={[Function]}
            onStartShouldSetResponder={[Function]}
            style={
              Object {
                "alignItems": "center",
                "backgroundColor": "darkblue",
                "borderRadius": 10,
                "height": 40,
                "justifyContent": "center",
                "marginTop": 10,
                "opacity": 1,
                "padding": 10,
                "width": "80%",
              }
            }
            testID="button-view-My data"
          >
            <Text
              style={
                Object {
                  "color": "#ffffff",
                  "fontFamily": "EuphemiaUCAS-Bold",
                  "textAlign": "center",
                  "textAlignVertical": "center",
                }
              }
            >
              My data
            </Text>
          </View>
          <View
            accessible={true}
            focusable={true}
            isTVSelectable={true}
            onClick={[Function]}
            onResponderGrant={[Function]}
            onResponderMove={[Function]}
            onResponderRelease={[Function]}
            onResponderTerminate={[Function]}
            onResponderTerminationRequest={[Function]}
            onStartShouldSetResponder={[Function]}
            style={
              Object {
                "alignItems": "center",
                "backgroundColor": "grey",
                "borderRadius": 10,
                "height": 40,
                "justifyContent": "center",
                "marginTop": 10,
                "opacity": 1,
                "padding": 10,
                "width": "80%",
              }
            }
            testID="button-view-Sign out"
          >
            <Text
              style={
                Object {
                  "color": "#ffffff",
                  "fontFamily": "EuphemiaUCAS-Bold",
                  "textAlign": "center",
                  "textAlignVertical": "center",
                }
              }
            >
              Sign out
            </Text>
          </View>
        </View>
      </RCTScrollView>
    </View>
  </View>
</View>
`;
